huggingface/tokenizers: The current process just got forked, after parallelism has already been used. Disabling parallelism to avoid deadlocks...
To disable this warning, you can either:
	- Avoid using `tokenizers` before the fork if possible
	- Explicitly set the environment variable TOKENIZERS_PARALLELISM=(true | false)
Loading data...
Using sample_test.csv for faster iteration...
Original train size: 75000, test size: 100
Reduced train size to: 5000 samples
Using standard log1p target
Building TF-IDF features...
Max features: 200000
TF-IDF shape: train=(5000, 42011), test=(100, 42011)

Generating embeddings...
Loading text encoder: BAAI/bge-small-en-v1.5 (cuda=True)...
Encoding train text (5000 samples)...
  Encoding batch 0/5000...
  Encoding batch 2048/5000...
  Encoding batch 4096/5000...
Encoding test text (100 samples)...
  Encoding batch 0/100...
Images used (~100.0% found)
PCA to 128 dims...

K-fold target encodings...
Combined features shape: train=(5000, 263), test=(100, 263)

[Base A] TF-IDF + Ridge...
  Fold 1 MAE: 0.6350
  Fold 2 MAE: 0.6254
  Fold 3 MAE: 0.6134
  Fold 4 MAE: 0.6265
  Fold 5 MAE: 0.6265

[Base B] TF-IDF + LightGBM...
  Fold 1 MAE: 0.6214
  Fold 2 MAE: 0.6227
  Fold 3 MAE: 0.6048
  Fold 4 MAE: 0.6118
  Fold 5 MAE: 0.6183

[Base C] Embeddings + CatBoost...
  Fold 1 MAE: 0.6458
  Fold 2 MAE: 0.6538
  Fold 3 MAE: 0.6520
  Fold 4 MAE: 0.6644
  Fold 5 MAE: 0.6494

[Base D] Anchor LightGBM...
  Fold 1 MAE: 0.7443
  Fold 2 MAE: 0.7316
  Fold 3 MAE: 0.7134
  Fold 4 MAE: 0.7276
  Fold 5 MAE: 0.7350

[Base E] KNN blender...
  Fold 1 MAE: 0.9070
  Fold 2 MAE: 0.9210
  Fold 3 MAE: 0.9359
  Fold 4 MAE: 0.8822
  Fold 5 MAE: 0.8929

[Meta] Stacking with isotonic calibration...

OOF SMAPE: 59.24%
Wrote test_out.csv with 100 rows.
