Loading data...
Using sample_test.csv for faster iteration...
Original train size: 75000, test size: 100
Reduced train size to: 5000 samples
Using per-unit target normalization ✅

Building TF-IDF features...
Word TF-IDF (max_features=200000)...
Char TF-IDF (max_features=150000)...
  Word TF-IDF shape: (5000, 42011)
  Char TF-IDF shape: (5000, 102805)

Generating embeddings...
Images used (~100.0% found)
PCA to 128 dims...

K-fold target encodings...

[Base A] Word TF-IDF + Ridge...
  Fold 1 MAE: 0.8772
  Fold 2 MAE: 0.8623
  Fold 3 MAE: 0.8924
  Fold 4 MAE: 0.8838
  Fold 5 MAE: 0.8635

[Base B] Char TF-IDF + Ridge...
  Fold 1 MAE: 0.8700
  Fold 2 MAE: 0.8554
  Fold 3 MAE: 0.8788
  Fold 4 MAE: 0.8794
  Fold 5 MAE: 0.8531

[Base C] Word TF-IDF + LightGBM...
  Fold 1 MAE: 0.8594
  Fold 2 MAE: 0.8045
  Fold 3 MAE: 0.8485
  Fold 4 MAE: 0.8161
  Fold 5 MAE: 0.8185

[Base D] Embeddings + CatBoost...
  Fold 1 MAE: 0.5754
  Fold 2 MAE: 0.5948
  Fold 3 MAE: 0.5959
  Fold 4 MAE: 0.5874
  Fold 5 MAE: 0.6070

[Meta] Gated meta-learner...
  Small prices (≤$5.0): 861 samples (17.2%)
  Large prices (>$5.0): 4139 samples (82.8%)

OOF SMAPE: 71.46%
Wrote test_out.csv with 100 rows.
